alejandra@aleja-workspace ~ % aws configure
AWS Access Key ID [****************5FAO]: ASIAZ3UXWG33SZIQI5AM
AWS Secret Access Key [****************ZKBU]: qgIC7xW1R4YjhAdws+iz9GmHxnk6qmXsRv0SdSKy
Default region name [us-east-1]: us-west-1
Default output format [json]: 
alejandra@aleja-workspace ~ % ls
Applications		Movies			PycharmProjects
Desktop			Music			README.md
Documents		Pictures		dotTraceSnapshots
Downloads		Postman			msfinstall
Library			Public
alejandra@aleja-workspace ~ % cd ..
alejandra@aleja-workspace /Users % ls
Shared		alejandra
alejandra@aleja-workspace /Users % cd alejandra 
alejandra@aleja-workspace ~ % ls
Applications		Movies			PycharmProjects
Desktop			Music			README.md
Documents		Pictures		dotTraceSnapshots
Downloads		Postman			msfinstall
Library			Public
alejandra@aleja-workspace ~ % clear

alejandra@aleja-workspace ~ % .aws % nano credentials
zsh: command not found: .aws
alejandra@aleja-workspace ~ % .aws % ls              
zsh: command not found: .aws
alejandra@aleja-workspace ~ % ls
Applications		Movies			PycharmProjects
Desktop			Music			README.md
Documents		Pictures		dotTraceSnapshots
Downloads		Postman			msfinstall
Library			Public
alejandra@aleja-workspace ~ % ls all
ls: all: No such file or directory
alejandra@aleja-workspace ~ % ls .all
ls: .all: No such file or directory
alejandra@aleja-workspace ~ % ls
Applications		Movies			PycharmProjects
Desktop			Music			README.md
Documents		Pictures		dotTraceSnapshots
Downloads		Postman			msfinstall
Library			Public
alejandra@aleja-workspace ~ % ls -a
.				.nvm
..				.openjfx
.CFUserTextEncoding		.oracle_jre_usage
.DS_Store			.profile
.Trash				.sbt
.ammonite			.sonarlint
.android			.ssh
.aspnet				.templateengine
.astah				.testcontainers.properties
.aws				.viminfo
.cabal				.vs-kubernetes
.cache				.vscode
.config				.zcompdump
.cups				.zprofile
.docker				.zprofile.bak
.dotnet				.zprofile.pysave
.ghcup				.zsh_history
.git				.zsh_sessions
.gitconfig			.zshrc
.idea-build			Applications
.ipython			Desktop
.ivy2				Documents
.jupyter			Downloads
.kube				Library
.lesshst			Movies
.local				Music
.m2				Pictures
.matplotlib			Postman
.minikube			Public
.msf4				PycharmProjects
.node_repl_history		README.md
.npm				dotTraceSnapshots
.npmrc				msfinstall
.nuget
alejandra@aleja-workspace ~ % .aws     
zsh: command not found: .aws
alejandra@aleja-workspace ~ % .aws      
zsh: command not found: .aws
alejandra@aleja-workspace ~ % cd .aws 
alejandra@aleja-workspace .aws % la
zsh: command not found: la
alejandra@aleja-workspace .aws % ls
config		credentials
alejandra@aleja-workspace .aws % nano credentials
alejandra@aleja-workspace .aws % cat credentials
[laura-izquierdo]
aws_access_key_id = AKIA2IYNQQF5DDGWNOZS
aws_secret_access_key = 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
[laurapfsd]
aws_access_key_id = AKIARTCGIHDWTCW4SEX6
aws_secret_access_key = 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
[default]
aws_access_key_id = ASIAZ3UXWG33SZIQI5AM
aws_secret_access_key = qgIC7xW1R4YjhAdws+iz9GmHxnk6qmXsRv0SdSKy
aws_session_token=IQoJb3JpZ2luX2VjEO3//////////wEaCXVzLXdlc3QtMiJHMEUCIQCPO8NTBClb5SnWFbImuz5EconixUeMtynL0/SphfO78wIgS6RRJjNCeAoC0QlgpImaWfymyvUzGrbXX33TQ7Hz83YqwAIIdhADGgw2Nzc4NDkyMTY3NTkiDOKEVvhUR0SeXmUKqyqdAuytG5/Jw55ATW65YMKRaM7dLwAeaFn9UfIwZXD+Axq/VZG/eHLXPjRGF941DK4TqWrBPI+ps6bNQtimJ8A9IrCHLcL8KXiww7Qnb9oaTSUQSMEufKK/zJ7mjMmK8u2c8VMiDx/r49cPDCbk6pngKrAdPUUUz0GnOTPgJ3u8L/vQJTGpj0Pzr0vGxzKTLy+p5GO/Ay00TFYl8q9W+oe9GYaT+pbEgn+BufpowoTko0944LnSxSUI1hqyIOoLcn2Od2/60pJT65D+h3/SQuELZq9/yCj43Nkak/5qfKRVMBxzGHGDSro7sGDYVQE0WCRoHCDdJ7SvQ2Q567UAaaknuomzas5FuJKumSxQgZJcygn0IpyocINOkU+d+onOSzCutb25BjqdAWbRao43Sug32Biu45KwcxqcHrAuZag5bCST6bsrohjCyS7dxwgSSPna9LnjcfzFIe4lKlOpTL+O9Bid3q8ayhlWMbEOpRrdmU2w1RQWc3Aeb5RTO1jfN4HjNq468c4V2PYLJXjaxRd7rdiOsb7jwe9qJ9lGje70olLt1NlCSYvqGNPLfJDbavRc8EPZwXZ9VY84h+1+ed1INjA4rZ4=

alejandra@aleja-workspace .aws % aws ec2 describe-instances

An error occurred (UnauthorizedOperation) when calling the DescribeInstances operation: You are not authorized to perform this operation. User: arn:aws:sts::677849216759:assumed-role/voclabs/user1608732=laura.izquierdo@mail.escuelaing.edu.co is not authorized to perform: ec2:DescribeInstances because no identity-based policy allows the ec2:DescribeInstances action
alejandra@aleja-workspace .aws % cd..
zsh: command not found: cd..
alejandra@aleja-workspace .aws % cd ..
alejandra@aleja-workspace ~ % aws ec2 describe-instances

An error occurred (UnauthorizedOperation) when calling the DescribeInstances operation: You are not authorized to perform this operation. User: arn:aws:sts::677849216759:assumed-role/voclabs/user1608732=laura.izquierdo@mail.escuelaing.edu.co is not authorized to perform: ec2:DescribeInstances because no identity-based policy allows the ec2:DescribeInstances action
alejandra@aleja-workspace ~ % aws configure             
AWS Access Key ID [****************I5AM]: 
AWS Secret Access Key [****************dSKy]: 
Default region name [us-west-1]: us-east-1
Default output format [json]: 
alejandra@aleja-workspace ~ % aws ec2 describe-instances
{
    "Reservations": []
}
alejandra@aleja-workspace ~ % aws ec2 create-key-pair --key-name MyKeyPair --query 'KeyMaterial' --output text > MyKeyPair.pem
alejandra@aleja-workspace ~ % ls
Applications		Movies			Public
Desktop			Music			PycharmProjects
Documents		MyKeyPair.pem		README.md
Downloads		Pictures		dotTraceSnapshots
Library			Postman			msfinstall
alejandra@aleja-workspace ~ % chmod 400 MyKeyPair.pem
alejandra@aleja-workspace ~ % ls -la
total 392
drwxr-x---+  68 alejandra  staff   2176 Nov  9 08:11 .
drwxr-xr-x    5 root       admin    160 Nov  1 18:33 ..
-r--------    1 alejandra  staff      7 Jun 24  2023 .CFUserTextEncoding
-rw-r--r--@   1 alejandra  staff  20484 Nov  8 17:16 .DS_Store
drwx------+   2 alejandra  staff     64 Nov  8 09:27 .Trash
drwxr-xr-x@   3 alejandra  staff     96 Aug 19  2023 .ammonite
drwxr-xr-x@   2 alejandra  staff     64 Aug 19  2023 .android
drwxr-xr-x    3 alejandra  staff     96 May 14 20:17 .aspnet
drwxr-xr-x    3 alejandra  staff     96 Mar 25  2024 .astah
drwxr-xr-x    4 alejandra  staff    128 Oct 19  2023 .aws
drwxr-xr-x    4 alejandra  staff    128 Jul 31  2023 .cabal
drwxr-xr-x@   3 alejandra  staff     96 Oct  3  2023 .cache
drwxr-xr-x@   4 alejandra  staff    128 Sep 23  2023 .config
drwx------    3 alejandra  staff     96 Aug 27  2023 .cups
drwxr-xr-x@  14 alejandra  staff    448 Nov  1 18:22 .docker
drwxr-xr-x   11 alejandra  staff    352 Feb 26  2024 .dotnet
drwxr-xr-x   13 alejandra  staff    416 Jul 31  2023 .ghcup
drwxr-xr-x   12 alejandra  staff    384 Oct 24 19:33 .git
-rw-r--r--    1 alejandra  staff     64 Sep 24  2023 .gitconfig
drwxr-xr-x@   3 alejandra  staff     96 Aug 19  2023 .idea-build
drwxr-xr-x    3 alejandra  staff     96 Jun  1 19:05 .ipython
drwxr-xr-x@   6 alejandra  staff    192 Nov 25  2023 .ivy2
drwxr-xr-x    4 alejandra  staff    128 Jun  1 19:05 .jupyter
drwxr-xr-x    4 alejandra  staff    128 Oct 26  2023 .kube
-rw-------    1 alejandra  staff     20 Nov  9 08:08 .lesshst
drwxr-xr-x    3 alejandra  staff     96 Feb 26  2024 .local
drwxr-xr-x@   3 alejandra  staff     96 Oct  3  2023 .m2
drwxr-xr-x    3 alejandra  staff     96 Feb 27  2024 .matplotlib
drwxr-xr-x@   9 alejandra  staff    288 Oct 24  2023 .minikube
drwxr-xr-x   15 alejandra  staff    480 Apr 24  2024 .msf4
-rw-------    1 alejandra  staff      0 Jun  1 19:04 .node_repl_history
drwxr-xr-x@   8 alejandra  staff    256 Sep 23  2023 .npm
-rw-------@   1 alejandra  staff    293 Sep 23  2023 .npmrc
drwxr-xr-x    4 alejandra  staff    128 Feb 26  2024 .nuget
drwxr-xr-x   28 alejandra  staff    896 Jun  1 19:04 .nvm
drwxr-xr-x    3 alejandra  staff     96 Sep 11 23:58 .openjfx
drwxr-xr-x    4 alejandra  staff    128 Jul  2  2023 .oracle_jre_usage
-rw-r--r--    1 alejandra  staff    242 Apr 24  2024 .profile
drwxr-xr-x@   4 alejandra  staff    128 Aug 19  2023 .sbt
drwxr-xr-x@   5 alejandra  staff    160 Nov  8 22:18 .sonarlint
drwx------    7 alejandra  staff    224 Oct 24 20:52 .ssh
drwxr-xr-x    4 alejandra  staff    128 May 17 22:55 .templateengine
-rw-r--r--@   1 alejandra  staff    146 Oct  3  2023 .testcontainers.properties
-rw-------@   1 alejandra  staff  13934 Nov  2 09:05 .viminfo
drwxr-xr-x@   3 alejandra  staff     96 Oct 24  2023 .vs-kubernetes
drwxr-xr-x@   5 alejandra  staff    160 Jul 31  2023 .vscode
-rw-r--r--@   1 alejandra  staff  49354 Nov  2 09:46 .zcompdump
-rw-r--r--@   1 alejandra  staff    645 Feb  3  2024 .zprofile
-rw-r--r--@   1 alejandra  staff    362 Aug 27  2023 .zprofile.bak
-rw-r--r--@   1 alejandra  staff    479 Feb  3  2024 .zprofile.pysave
-rw-------@   1 alejandra  staff  47949 Nov  8 22:18 .zsh_history
drwx------   12 alejandra  staff    384 Nov  9 07:47 .zsh_sessions
-rw-r--r--@   1 alejandra  staff    310 Nov  2 09:05 .zshrc
drwx------@   7 alejandra  staff    224 Oct 24 13:12 Applications
drwx------@  17 alejandra  staff    544 Nov  9 07:34 Desktop
drwx------@  15 alejandra  staff    480 Nov  6 21:46 Documents
drwx------@ 209 alejandra  staff   6688 Nov  8 21:51 Downloads
drwx------@ 104 alejandra  staff   3328 Oct 24 15:53 Library
drwx------    7 alejandra  staff    224 Jul 10 22:47 Movies
drwx------+   6 alejandra  staff    192 Feb 18  2024 Music
-r--------    1 alejandra  staff   1675 Nov  9 08:11 MyKeyPair.pem
drwx------+   6 alejandra  staff    192 Jun 24  2023 Pictures
drwxr-xr-x@   3 alejandra  staff     96 Feb 28  2024 Postman
drwxr-xr-x+   4 alejandra  staff    128 Jun 24  2023 Public
drwxr-xr-x    3 alejandra  staff     96 Jul 10 23:34 PycharmProjects
-rw-r--r--    1 alejandra  staff      7 Oct 24 19:33 README.md
drwxr-xr-x    2 alejandra  staff     64 Feb 26  2024 dotTraceSnapshots
-rwxr-xr-x    1 alejandra  staff   6139 Apr 24  2024 msfinstall
alejandra@aleja-workspace ~ % aws ec2 describe-key-pairs --key-name MyKeyPair
{
    "KeyPairs": [
        {
            "KeyPairId": "key-0d369cc95fa3577a5",
            "KeyFingerprint": "ff:2b:f8:28:43:2b:29:58:c7:43:ca:51:e3:27:e6:0d:52:65:6f:58",
            "KeyName": "MyKeyPair",
            "KeyType": "rsa",
            "Tags": [],
            "CreateTime": "2024-11-09T13:11:10.633000+00:00"
        }
    ]
}
alejandra@aleja-workspace ~ % aws ec2 create-security-group --group-name my-sg-cli --description "My security group" --vpc-id vpc-xxxxxxxx

An error occurred (InvalidVpcId.Malformed) when calling the CreateSecurityGroup operation: The vpc ID 'vpc-xxxxxxxx' is malformed
alejandra@aleja-workspace ~ % aws ec2 create-security-group --group-name my-sg-cli --description "My security group" --vpc-id vpc-0353d76193c41b64c
{
    "GroupId": "sg-07c5d453aa7b91f1f"
}
alejandra@aleja-workspace ~ % aws ec2 describe-security-groups --group-ids sg-07c5d453aa7b91f1f
{
    "SecurityGroups": [
        {
            "Description": "My security group",
            "GroupName": "my-sg-cli",
            "IpPermissions": [],
            "OwnerId": "677849216759",
            "GroupId": "sg-07c5d453aa7b91f1f",
            "IpPermissionsEgress": [
                {
                    "IpProtocol": "-1",
                    "IpRanges": [
                        {
                            "CidrIp": "0.0.0.0/0"
                        }
                    ],
                    "Ipv6Ranges": [],
                    "PrefixListIds": [],
                    "UserIdGroupPairs": []
                }
            ],
            "VpcId": "vpc-0353d76193c41b64c"
        }
...skipping...
{
    "SecurityGroups": [
        {
            "Description": "My security group",
            "GroupName": "my-sg-cli",
            "IpPermissions": [],
            "OwnerId": "677849216759",
            "GroupId": "sg-07c5d453aa7b91f1f",
            "IpPermissionsEgress": [
                {
                    "IpProtocol": "-1",
                    "IpRanges": [
                        {
                            "CidrIp": "0.0.0.0/0"
                        }
                    ],
                    "Ipv6Ranges": [],
                    "PrefixListIds": [],
                    "UserIdGroupPairs": []
                }
            ],
            "VpcId": "vpc-0353d76193c41b64c"
        }
    ]
}
...skipping...

                   SUMMARY OF LESS COMMANDS

      Commands marked with * may be preceded by a number, N.
      Notes in parentheses indicate the behavior if N is given.
      A key preceded by a caret indicates the Ctrl key; thus ^K is ctrl-K.

  h  H                 Display this help.
  q  :q  Q  :Q  ZZ     Exit.
 ---------------------------------------------------------------------------

                           MOVING

  e  ^E  j  ^N  CR  *  Forward  one line   (or N lines).
  y  ^Y  k  ^K  ^P  *  Backward one line   (or N lines).
  f  ^F  ^V  SPACE  *  Forward  one window (or N lines).
  b  ^B  ESC-v      *  Backward one window (or N lines).
  z                 *  Forward  one window (and set window to N).
  w                 *  Backward one window (and set window to N).
  ESC-SPACE         *  Forward  one window, but don't stop at end-of-file.
  d  ^D             *  Forward  one half-window (and set half-window to N).
  u  ^U             *  Backward one half-window (and set half-window to N).
  ESC-)  RightArrow *  Right one half screen width (or N positions).
  ESC-(  LeftArrow  *  Left  one half screen width (or N positions).
 ESCESC
                   SUMMARY OF LESS COMMANDS

      Commands marked with * may be preceded by a number, N.
      Notes in parentheses indicate the behavior if N is given.
      A key preceded by a caret indicates the Ctrl key; thus ^K is ctrl-K.

  h  H                 Display this help.
  q  :q  Q  :Q  ZZ     Exit.
 ---------------------------------------------------------------------------

                           MOVING

  e  ^E  j  ^N  CR  *  Forward  one line   (or N lines).
  y  ^Y  k  ^K  ^P  *  Backward one line   (or N lines).
  f  ^F  ^V  SPACE  *  Forward  one window (or N lines).
  b  ^B  ESC-v      *  Backward one window (or N lines).
  z                 *  Forward  one window (and set window to N).
  w                 *  Backward one window (and set window to N).
  ESC-SPACE         *  Forward  one window, but don't stop at end-of-file.
  d  ^D             *  Forward  one half-window (and set half-window to N).
  u  ^U             *  Backward one half-window (and set half-window to N).
  ESC-)  RightArrow *  Right one half screen width (or N positions).
  ESC-(  LeftArrow  *  Left  one half screen width (or N positions).
HELP -- Press RETURN for more, or q when done
alejandra@aleja-workspace ~ % 
alejandra@aleja-workspace ~ % 
alejandra@aleja-workspace ~ % curl https://checkip.amazonaws.com
186.170.214.94
alejandra@aleja-workspace ~ % aws ec2 authorize-security-group-ingress --group-id sg-07c5d453aa7b91f1f --protocol tcp --port 3389 --cidr 0.0.0.0/0
{
    "Return": true,
    "SecurityGroupRules": [
        {
            "SecurityGroupRuleId": "sgr-0f7a76a23fe23513b",
            "GroupId": "sg-07c5d453aa7b91f1f",
            "GroupOwnerId": "677849216759",
            "IsEgress": false,
            "IpProtocol": "tcp",
            "FromPort": 3389,
            "ToPort": 3389,
            "CidrIpv4": "0.0.0.0/0"
        }
    ]
}
alejandra@aleja-workspace ~ % aws ec2 describe-security-groups --group-ids sg-07c5d453aa7b91f1f
{
    "SecurityGroups": [
        {
            "Description": "My security group",
            "GroupName": "my-sg-cli",
            "IpPermissions": [
                {
                    "FromPort": 3389,
                    "IpProtocol": "tcp",
                    "IpRanges": [
                        {
                            "CidrIp": "0.0.0.0/0"
                        }
                    ],
                    "Ipv6Ranges": [],
                    "PrefixListIds": [],
                    "ToPort": 3389,
                    "UserIdGroupPairs": []
                }
            ],
            "OwnerId": "677849216759",
            "GroupId": "sg-07c5d453aa7b91f1f",
            "IpPermissionsEgress": [
                {
                    "IpProtocol": "-1",
                    "IpRanges": [
                        {
                            "CidrIp": "0.0.0.0/0"
                        }
                    ],
                    "Ipv6Ranges": [],
                    "PrefixListIds": [],
                    "UserIdGroupPairs": []
                }
            ],
            "VpcId": "vpc-0353d76193c41b64c"
        }
    ]
}
(END)
                    "ToPort": 3389,
                    "UserIdGroupPairs": []
                }
            ],
            "OwnerId": "677849216759",
            "GroupId": "sg-07c5d453aa7b91f1f",
            "IpPermissionsEgress": [
                {
                    "IpProtocol": "-1",
                    "IpRanges": [
                        {
                            "CidrIp": "0.0.0.0/0"
                        }
                    ],
                    "Ipv6Ranges": [],
                    "PrefixListIds": [],
                    "UserIdGroupPairs": []
                }
            ],
            "VpcId": "vpc-0353d76193c41b64c"
        }
    ]
}
(END)

alejandra@aleja-workspace ~ % aws ec2 authorize-security-group-ingress --group-id sg-07c5d453aa7b91f1f --protocol tcp --port 22 --cidr 0.0.0.0/0
{
    "Return": true,
    "SecurityGroupRules": [
        {
            "SecurityGroupRuleId": "sgr-0affb01a789e3f871",
            "GroupId": "sg-07c5d453aa7b91f1f",
            "GroupOwnerId": "677849216759",
            "IsEgress": false,
            "IpProtocol": "tcp",
            "FromPort": 22,
            "ToPort": 22,
            "CidrIpv4": "0.0.0.0/0"
        }
    ]
}
alejandra@aleja-workspace ~ % aws ec2 describe-security-groups --group-ids sg-07c5d453aa7b91f1f                                                   
{
    "SecurityGroups": [
        {
            "Description": "My security group",
            "GroupName": "my-sg-cli",
            "IpPermissions": [
                {
                    "FromPort": 22,
                    "IpProtocol": "tcp",
                    "IpRanges": [
                        {
                            "CidrIp": "0.0.0.0/0"
                        }
                    ],
                    "Ipv6Ranges": [],
                    "PrefixListIds": [],
                    "ToPort": 22,
                    "UserIdGroupPairs": []
                },
                {
                    "FromPort": 3389,
                    "IpProtocol": "tcp",
                    "IpRanges": [
                        {
                            "CidrIp": "0.0.0.0/0"
                        }
                    ],
                    "Ipv6Ranges": [],
                    "PrefixListIds": [],
                    "ToPort": 3389,
                    "UserIdGroupPairs": []
                }
            ],
            "OwnerId": "677849216759",
            "GroupId": "sg-07c5d453aa7b91f1f",
            "IpPermissionsEgress": [
                {
                    "IpProtocol": "-1",
                    "IpRanges": [
                        {
                            "CidrIp": "0.0.0.0/0"
                        }
                    ],
                    "Ipv6Ranges": [],
                    "PrefixListIds": [],
                    "UserIdGroupPairs": []
                }
            ],
            "VpcId": "vpc-0353d76193c41b64c"
        }
    ]
}
alejandra@aleja-workspace ~ % 
alejandra@aleja-workspace ~ % aws ec2 run-instances --image-id ami-032930428bf1abbff --count 1 --instance-type t2.micro --key-name MyKeyPair --security-group-ids sg-07c5d453aa7b91f1f --subnet-id subnet-000d91de952a6df7e
{
    "Groups": [],
    "Instances": [
        {
            "AmiLaunchIndex": 0,
            "ImageId": "ami-032930428bf1abbff",
            "InstanceId": "i-023092c9167076e35",
            "InstanceType": "t2.micro",
            "KeyName": "MyKeyPair",
            "LaunchTime": "2024-11-09T13:20:29+00:00",
            "Monitoring": {
                "State": "disabled"
            },
            "Placement": {
                "AvailabilityZone": "us-east-1b",
                "GroupName": "",
                "Tenancy": "default"
            },
            "PrivateDnsName": "ip-172-31-40-83.ec2.internal",
            "PrivateIpAddress": "172.31.40.83",
            "ProductCodes": [],
            "PublicDnsName": "",
            "State": {
                "Code": 0,
                "Name": "pending"
            },
            "StateTransitionReason": "",
            "SubnetId": "subnet-000d91de952a6df7e",
            "VpcId": "vpc-0353d76193c41b64c",
            "Architecture": "x86_64",
            "BlockDeviceMappings": [],
            "ClientToken": "1c147a23-0c45-4020-ac10-09c613abd62d",
            "EbsOptimized": false,
            "EnaSupport": true,
            "Hypervisor": "xen",
            "NetworkInterfaces": [
                {
                    "Attachment": {
                        "AttachTime": "2024-11-09T13:20:29+00:00",
                        "AttachmentId": "eni-attach-08b6503880da5478c",
                        "DeleteOnTermination": true,
                        "DeviceIndex": 0,
                        "Status": "attaching",
                        "NetworkCardIndex": 0
                    },
                    "Description": "",
                    "Groups": [
                        {
                            "GroupName": "my-sg-cli",
                            "GroupId": "sg-07c5d453aa7b91f1f"
                        }
                    ],
                    "Ipv6Addresses": [],
                    "MacAddress": "0e:4b:55:0a:f8:05",
                    "NetworkInterfaceId": "eni-07654a222bdccea79",
                    "OwnerId": "677849216759",
                    "PrivateDnsName": "ip-172-31-40-83.ec2.internal",
                    "PrivateIpAddress": "172.31.40.83",
                    "PrivateIpAddresses": [
                        {
                            "Primary": true,
                            "PrivateDnsName": "ip-172-31-40-83.ec2.internal",
                            "PrivateIpAddress": "172.31.40.83"
                        }
                    ],
                    "SourceDestCheck": true,
                    "Status": "in-use",
                    "SubnetId": "subnet-000d91de952a6df7e",
                    "VpcId": "vpc-0353d76193c41b64c",
                    "InterfaceType": "interface"
                }
            ],
            "RootDeviceName": "/dev/xvda",
            "RootDeviceType": "ebs",
            "SecurityGroups": [
                {
                    "GroupName": "my-sg-cli",
                    "GroupId": "sg-07c5d453aa7b91f1f"
                }
            ],
            "SourceDestCheck": true,
            "StateReason": {
                "Code": "pending",
                "Message": "pending"
            },
            "VirtualizationType": "hvm",
            "CpuOptions": {
                "CoreCount": 1,
                "ThreadsPerCore": 1
            },
            "CapacityReservationSpecification": {
                "CapacityReservationPreference": "open"
            },
            "MetadataOptions": {
                "State": "pending",
                "HttpTokens": "optional",
                "HttpPutResponseHopLimit": 1,
                "HttpEndpoint": "enabled",
                "HttpProtocolIpv6": "disabled",
                "InstanceMetadataTags": "disabled"
            },
            "EnclaveOptions": {
                "Enabled": false
            },
            "PrivateDnsNameOptions": {
                "HostnameType": "ip-name",
                "EnableResourceNameDnsARecord": false,
                "EnableResourceNameDnsAAAARecord": false
            },
            "MaintenanceOptions": {
                "AutoRecovery": "default"
            },
            "CurrentInstanceBootMode": "legacy-bios"
        }
    ],
    "OwnerId": "677849216759",
    "ReservationId": "r-0642aa9450c6ab49b"
}
alejandra@aleja-workspace ~ % 
alejandra@aleja-workspace ~ % ssh -i "MyKeyPair.pem" ec2-user@ec2-3-85-88-3.compute-1.amazonaws.com
The authenticity of host 'ec2-3-85-88-3.compute-1.amazonaws.com (3.85.88.3)' can't be established.
ED25519 key fingerprint is SHA256:rBSPqlQzygpwbXpv6apXdRm2qpPwSzcrkPtoh7a21t4.
This key is not known by any other names.
Are you sure you want to continue connecting (yes/no/[fingerprint])? yes
Warning: Permanently added 'ec2-3-85-88-3.compute-1.amazonaws.com' (ED25519) to the list of known hosts.

       __|  __|_  )
       _|  (     /   Amazon Linux AMI
      ___|\___|___|

https://aws.amazon.com/amazon-linux-ami/2018.03-release-notes/
29 package(s) needed for security, out of 46 available
Run "sudo yum update" to apply all updates.
-bash: warning: setlocale: LC_CTYPE: cannot change locale (UTF-8): No such file or directory
[ec2-user@ip-172-31-40-83 ~]$ ls
[ec2-user@ip-172-31-40-83 ~]$ pwd
/home/ec2-user
[ec2-user@ip-172-31-40-83 ~]$ exit
logout
Connection to ec2-3-85-88-3.compute-1.amazonaws.com closed.
alejandra@aleja-workspace ~ % ssh -i "MyKeyPair.pem" ec2-user@ec2-3-85-88-3.compute-1.amazonaws.com
alejandra@aleja-workspace ~ % % aws ec2 describe-instances --filters "Name=instance-type,Values=t2.micro" --query "Reservations[].Instances[].InstanceId"
fg: no current job
alejandra@aleja-workspace ~ % aws ec2 describe-instances --filters "Name=instance-type,Values=t2.micro" --query "Reservations[].Instances[].InstanceId" 
[
    "i-023092c9167076e35"
]
alejandra@aleja-workspace ~ % 
